
else happened because we tried to iterate over an empty array



can't iterate over nulls



can't iterate over numbers



strings are not iterable

